mode: set
github.com/airvt1x/dokkee-backend/internal/handler/auth.go:10.42,13.43 2 1
github.com/airvt1x/dokkee-backend/internal/handler/auth.go:13.43,16.3 2 1
github.com/airvt1x/dokkee-backend/internal/handler/auth.go:18.2,19.16 2 1
github.com/airvt1x/dokkee-backend/internal/handler/auth.go:19.16,22.3 2 1
github.com/airvt1x/dokkee-backend/internal/handler/auth.go:24.2,24.40 1 1
github.com/airvt1x/dokkee-backend/internal/handler/auth.go:32.42,35.43 2 1
github.com/airvt1x/dokkee-backend/internal/handler/auth.go:35.43,38.3 2 1
github.com/airvt1x/dokkee-backend/internal/handler/auth.go:40.2,41.16 2 1
github.com/airvt1x/dokkee-backend/internal/handler/auth.go:41.16,44.3 2 1
github.com/airvt1x/dokkee-backend/internal/handler/auth.go:46.2,46.46 1 1
github.com/airvt1x/dokkee-backend/internal/handler/document.go:10.50,12.9 2 1
github.com/airvt1x/dokkee-backend/internal/handler/document.go:12.9,15.3 2 0
github.com/airvt1x/dokkee-backend/internal/handler/document.go:17.2,18.16 2 1
github.com/airvt1x/dokkee-backend/internal/handler/document.go:18.16,21.3 2 1
github.com/airvt1x/dokkee-backend/internal/handler/document.go:22.2,25.16 3 1
github.com/airvt1x/dokkee-backend/internal/handler/document.go:25.16,28.3 2 1
github.com/airvt1x/dokkee-backend/internal/handler/document.go:30.2,30.49 1 1
github.com/airvt1x/dokkee-backend/internal/handler/document.go:33.49,35.9 2 1
github.com/airvt1x/dokkee-backend/internal/handler/document.go:35.9,38.3 2 0
github.com/airvt1x/dokkee-backend/internal/handler/document.go:40.2,42.16 3 1
github.com/airvt1x/dokkee-backend/internal/handler/document.go:42.16,45.3 2 1
github.com/airvt1x/dokkee-backend/internal/handler/document.go:47.2,47.49 1 1
github.com/airvt1x/dokkee-backend/internal/handler/document.go:50.47,52.9 2 1
github.com/airvt1x/dokkee-backend/internal/handler/document.go:52.9,55.3 2 1
github.com/airvt1x/dokkee-backend/internal/handler/document.go:57.2,58.16 2 1
github.com/airvt1x/dokkee-backend/internal/handler/document.go:58.16,61.3 2 1
github.com/airvt1x/dokkee-backend/internal/handler/document.go:63.2,64.16 2 1
github.com/airvt1x/dokkee-backend/internal/handler/document.go:64.16,67.3 2 1
github.com/airvt1x/dokkee-backend/internal/handler/document.go:69.2,69.28 1 1
github.com/airvt1x/dokkee-backend/internal/handler/handler.go:12.53,14.2 1 0
github.com/airvt1x/dokkee-backend/internal/handler/handler.go:16.44,21.2 4 1
github.com/airvt1x/dokkee-backend/internal/handler/handler.go:21.2,24.3 2 1
github.com/airvt1x/dokkee-backend/internal/handler/handler.go:26.2,27.2 2 1
github.com/airvt1x/dokkee-backend/internal/handler/handler.go:27.2,29.3 2 1
github.com/airvt1x/dokkee-backend/internal/handler/handler.go:29.3,34.4 4 1
github.com/airvt1x/dokkee-backend/internal/handler/handler.go:36.3,37.41 2 1
github.com/airvt1x/dokkee-backend/internal/handler/handler.go:40.2,40.15 1 1
github.com/airvt1x/dokkee-backend/internal/handler/middleware.go:13.51,14.30 1 1
github.com/airvt1x/dokkee-backend/internal/handler/middleware.go:14.30,16.19 2 1
github.com/airvt1x/dokkee-backend/internal/handler/middleware.go:16.19,19.4 2 1
github.com/airvt1x/dokkee-backend/internal/handler/middleware.go:21.3,22.46 2 1
github.com/airvt1x/dokkee-backend/internal/handler/middleware.go:22.46,25.4 2 1
github.com/airvt1x/dokkee-backend/internal/handler/middleware.go:27.3,28.17 2 1
github.com/airvt1x/dokkee-backend/internal/handler/middleware.go:28.17,31.4 2 1
github.com/airvt1x/dokkee-backend/internal/handler/middleware.go:33.3,34.11 2 1
github.com/airvt1x/dokkee-backend/internal/handler/middleware.go:38.53,39.30 1 1
github.com/airvt1x/dokkee-backend/internal/handler/middleware.go:39.30,43.14 3 1
github.com/airvt1x/dokkee-backend/internal/handler/middleware.go:43.14,45.4 1 0
github.com/airvt1x/dokkee-backend/internal/handler/middleware.go:47.3,55.5 3 1
github.com/airvt1x/dokkee-backend/internal/handler/middleware.go:59.51,60.9 1 1
github.com/airvt1x/dokkee-backend/internal/handler/middleware.go:61.64,62.29 1 1
github.com/airvt1x/dokkee-backend/internal/handler/middleware.go:63.41,64.27 1 1
github.com/airvt1x/dokkee-backend/internal/handler/middleware.go:65.61,66.28 1 1
github.com/airvt1x/dokkee-backend/internal/handler/middleware.go:67.63,68.27 1 1
github.com/airvt1x/dokkee-backend/internal/handler/middleware.go:69.10,70.23 1 1
github.com/airvt1x/dokkee-backend/internal/handler/middleware.go:74.44,76.13 2 1
github.com/airvt1x/dokkee-backend/internal/handler/middleware.go:76.13,78.3 1 1
github.com/airvt1x/dokkee-backend/internal/handler/middleware.go:79.2,80.19 2 1
github.com/airvt1x/dokkee-backend/internal/handler/profile.go:10.46,12.9 2 1
github.com/airvt1x/dokkee-backend/internal/handler/profile.go:12.9,15.3 2 1
github.com/airvt1x/dokkee-backend/internal/handler/profile.go:17.2,18.16 2 1
github.com/airvt1x/dokkee-backend/internal/handler/profile.go:18.16,21.3 2 1
github.com/airvt1x/dokkee-backend/internal/handler/profile.go:23.2,23.29 1 1
github.com/airvt1x/dokkee-backend/internal/handler/profile.go:26.49,28.9 2 1
github.com/airvt1x/dokkee-backend/internal/handler/profile.go:28.9,31.3 2 1
github.com/airvt1x/dokkee-backend/internal/handler/profile.go:33.2,34.43 2 1
github.com/airvt1x/dokkee-backend/internal/handler/profile.go:34.43,37.3 2 1
github.com/airvt1x/dokkee-backend/internal/handler/profile.go:39.2,39.78 1 1
github.com/airvt1x/dokkee-backend/internal/handler/profile.go:39.78,42.3 2 1
github.com/airvt1x/dokkee-backend/internal/handler/profile.go:44.2,44.46 1 1
github.com/airvt1x/dokkee-backend/internal/handler/response.go:12.71,15.2 2 1
github.com/airvt1x/dokkee-backend/internal/handler/result.go:10.45,12.9 2 1
github.com/airvt1x/dokkee-backend/internal/handler/result.go:12.9,15.3 2 1
github.com/airvt1x/dokkee-backend/internal/handler/result.go:17.2,18.16 2 1
github.com/airvt1x/dokkee-backend/internal/handler/result.go:18.16,21.3 2 1
github.com/airvt1x/dokkee-backend/internal/handler/result.go:24.2,25.16 2 1
github.com/airvt1x/dokkee-backend/internal/handler/result.go:25.16,28.3 2 1
github.com/airvt1x/dokkee-backend/internal/handler/result.go:30.2,30.31 1 1
github.com/airvt1x/dokkee-backend/internal/handler/result.go:30.31,36.3 2 1
github.com/airvt1x/dokkee-backend/internal/handler/result.go:38.2,39.16 2 1
github.com/airvt1x/dokkee-backend/internal/handler/result.go:39.16,42.3 2 1
github.com/airvt1x/dokkee-backend/internal/handler/result.go:44.2,44.31 1 1
github.com/airvt1x/dokkee-backend/server.go:13.63,23.2 2 0
github.com/airvt1x/dokkee-backend/server.go:25.54,27.2 1 0
github.com/airvt1x/dokkee-backend/cmd/main.go:17.13,19.40 2 0
github.com/airvt1x/dokkee-backend/cmd/main.go:19.40,21.3 1 0
github.com/airvt1x/dokkee-backend/cmd/main.go:23.2,23.37 1 0
github.com/airvt1x/dokkee-backend/cmd/main.go:23.37,25.3 1 0
github.com/airvt1x/dokkee-backend/cmd/main.go:27.2,35.16 2 0
github.com/airvt1x/dokkee-backend/cmd/main.go:35.16,37.3 1 0
github.com/airvt1x/dokkee-backend/cmd/main.go:39.2,47.16 3 0
github.com/airvt1x/dokkee-backend/cmd/main.go:47.16,49.3 1 0
github.com/airvt1x/dokkee-backend/cmd/main.go:51.2,56.80 5 0
github.com/airvt1x/dokkee-backend/cmd/main.go:56.80,58.3 1 0
github.com/airvt1x/dokkee-backend/cmd/main.go:61.25,65.2 3 0
github.com/airvt1x/dokkee-backend/internal/service/ai_connector.go:27.36,29.17 2 1
github.com/airvt1x/dokkee-backend/internal/service/ai_connector.go:29.17,31.3 1 1
github.com/airvt1x/dokkee-backend/internal/service/ai_connector.go:32.2,37.3 1 1
github.com/airvt1x/dokkee-backend/internal/service/ai_connector.go:40.42,42.2 1 1
github.com/airvt1x/dokkee-backend/internal/service/ai_connector.go:44.70,45.38 1 1
github.com/airvt1x/dokkee-backend/internal/service/ai_connector.go:45.38,47.3 1 1
github.com/airvt1x/dokkee-backend/internal/service/ai_connector.go:49.2,74.16 3 1
github.com/airvt1x/dokkee-backend/internal/service/ai_connector.go:74.16,76.3 1 0
github.com/airvt1x/dokkee-backend/internal/service/ai_connector.go:78.2,79.16 2 1
github.com/airvt1x/dokkee-backend/internal/service/ai_connector.go:79.16,81.3 1 0
github.com/airvt1x/dokkee-backend/internal/service/ai_connector.go:82.2,86.16 4 1
github.com/airvt1x/dokkee-backend/internal/service/ai_connector.go:86.16,88.3 1 1
github.com/airvt1x/dokkee-backend/internal/service/ai_connector.go:89.2,91.38 2 1
github.com/airvt1x/dokkee-backend/internal/service/ai_connector.go:91.38,94.3 2 1
github.com/airvt1x/dokkee-backend/internal/service/ai_connector.go:96.2,107.67 2 1
github.com/airvt1x/dokkee-backend/internal/service/ai_connector.go:107.67,109.3 1 0
github.com/airvt1x/dokkee-backend/internal/service/ai_connector.go:111.2,111.31 1 1
github.com/airvt1x/dokkee-backend/internal/service/ai_connector.go:111.31,113.3 1 1
github.com/airvt1x/dokkee-backend/internal/service/ai_connector.go:115.2,118.34 2 1
github.com/airvt1x/dokkee-backend/internal/service/ai_connector.go:118.34,126.3 2 1
github.com/airvt1x/dokkee-backend/internal/service/ai_connector.go:128.2,128.29 1 1
github.com/airvt1x/dokkee-backend/internal/service/ai_connector.go:131.65,139.2 2 1
github.com/airvt1x/dokkee-backend/internal/service/audit.go:25.59,27.2 1 1
github.com/airvt1x/dokkee-backend/internal/service/audit.go:29.52,38.24 2 1
github.com/airvt1x/dokkee-backend/internal/service/audit.go:38.24,41.3 2 1
github.com/airvt1x/dokkee-backend/internal/service/audit.go:43.2,43.30 1 1
github.com/airvt1x/dokkee-backend/internal/service/audit.go:46.33,50.2 3 1
github.com/airvt1x/dokkee-backend/internal/service/audit.go:52.28,54.2 1 1
github.com/airvt1x/dokkee-backend/internal/service/auth.go:29.65,31.2 1 1
github.com/airvt1x/dokkee-backend/internal/service/auth.go:33.65,35.16 2 1
github.com/airvt1x/dokkee-backend/internal/service/auth.go:35.16,37.3 1 0
github.com/airvt1x/dokkee-backend/internal/service/auth.go:38.2,39.32 2 1
github.com/airvt1x/dokkee-backend/internal/service/auth.go:42.80,44.16 2 1
github.com/airvt1x/dokkee-backend/internal/service/auth.go:44.16,46.3 1 0
github.com/airvt1x/dokkee-backend/internal/service/auth.go:48.2,48.94 1 1
github.com/airvt1x/dokkee-backend/internal/service/auth.go:48.94,50.3 1 1
github.com/airvt1x/dokkee-backend/internal/service/auth.go:52.2,60.58 2 1
github.com/airvt1x/dokkee-backend/internal/service/auth.go:63.67,64.109 1 1
github.com/airvt1x/dokkee-backend/internal/service/auth.go:64.109,65.58 1 1
github.com/airvt1x/dokkee-backend/internal/service/auth.go:65.58,67.4 1 0
github.com/airvt1x/dokkee-backend/internal/service/auth.go:68.3,68.44 1 1
github.com/airvt1x/dokkee-backend/internal/service/auth.go:70.2,70.16 1 1
github.com/airvt1x/dokkee-backend/internal/service/auth.go:70.16,72.3 1 1
github.com/airvt1x/dokkee-backend/internal/service/auth.go:74.2,75.9 2 1
github.com/airvt1x/dokkee-backend/internal/service/auth.go:75.9,77.3 1 0
github.com/airvt1x/dokkee-backend/internal/service/auth.go:79.2,79.27 1 1
github.com/airvt1x/dokkee-backend/internal/service/auth.go:82.67,84.2 1 1
github.com/airvt1x/dokkee-backend/internal/service/auth.go:86.88,88.2 1 1
github.com/airvt1x/dokkee-backend/internal/service/auth.go:90.60,92.16 2 1
github.com/airvt1x/dokkee-backend/internal/service/auth.go:92.16,94.3 1 0
github.com/airvt1x/dokkee-backend/internal/service/auth.go:95.2,95.26 1 1
github.com/airvt1x/dokkee-backend/internal/service/document.go:40.20,48.2 1 1
github.com/airvt1x/dokkee-backend/internal/service/document.go:50.110,51.47 1 0
github.com/airvt1x/dokkee-backend/internal/service/document.go:51.47,53.3 1 0
github.com/airvt1x/dokkee-backend/internal/service/document.go:55.2,55.36 1 0
github.com/airvt1x/dokkee-backend/internal/service/document.go:55.36,57.3 1 0
github.com/airvt1x/dokkee-backend/internal/service/document.go:59.2,60.33 2 0
github.com/airvt1x/dokkee-backend/internal/service/document.go:60.33,62.3 1 0
github.com/airvt1x/dokkee-backend/internal/service/document.go:64.2,66.59 2 0
github.com/airvt1x/dokkee-backend/internal/service/document.go:66.59,68.3 1 0
github.com/airvt1x/dokkee-backend/internal/service/document.go:70.2,78.16 2 0
github.com/airvt1x/dokkee-backend/internal/service/document.go:78.16,80.3 1 0
github.com/airvt1x/dokkee-backend/internal/service/document.go:82.2,84.19 2 0
github.com/airvt1x/dokkee-backend/internal/service/document.go:87.79,89.16 2 1
github.com/airvt1x/dokkee-backend/internal/service/document.go:89.16,91.3 1 1
github.com/airvt1x/dokkee-backend/internal/service/document.go:92.2,92.17 1 1
github.com/airvt1x/dokkee-backend/internal/service/document.go:95.86,97.2 1 1
github.com/airvt1x/dokkee-backend/internal/service/document.go:99.58,101.16 2 1
github.com/airvt1x/dokkee-backend/internal/service/document.go:101.16,103.3 1 1
github.com/airvt1x/dokkee-backend/internal/service/document.go:104.2,104.17 1 1
github.com/airvt1x/dokkee-backend/internal/service/document.go:104.17,106.3 1 0
github.com/airvt1x/dokkee-backend/internal/service/document.go:107.2,107.12 1 1
github.com/airvt1x/dokkee-backend/internal/service/document.go:110.72,114.16 3 0
github.com/airvt1x/dokkee-backend/internal/service/document.go:114.16,117.3 2 0
github.com/airvt1x/dokkee-backend/internal/service/document.go:119.2,120.16 2 0
github.com/airvt1x/dokkee-backend/internal/service/document.go:120.16,123.3 2 0
github.com/airvt1x/dokkee-backend/internal/service/document.go:126.2,129.16 3 0
github.com/airvt1x/dokkee-backend/internal/service/document.go:129.16,132.3 2 0
github.com/airvt1x/dokkee-backend/internal/service/document.go:134.2,139.45 2 0
github.com/airvt1x/dokkee-backend/internal/service/document.go:142.47,143.22 1 0
github.com/airvt1x/dokkee-backend/internal/service/document.go:143.22,145.3 1 0
github.com/airvt1x/dokkee-backend/internal/service/document.go:148.2,148.43 1 0
github.com/airvt1x/dokkee-backend/internal/service/document.go:148.43,150.3 1 0
github.com/airvt1x/dokkee-backend/internal/service/document.go:152.2,152.26 1 0
github.com/airvt1x/dokkee-backend/internal/service/document.go:155.41,160.23 4 0
github.com/airvt1x/dokkee-backend/internal/service/document.go:160.23,162.18 2 0
github.com/airvt1x/dokkee-backend/internal/service/document.go:162.18,163.9 1 0
github.com/airvt1x/dokkee-backend/internal/service/document.go:165.3,167.18 3 0
github.com/airvt1x/dokkee-backend/internal/service/document.go:167.18,168.9 1 0
github.com/airvt1x/dokkee-backend/internal/service/document.go:170.3,173.51 3 0
github.com/airvt1x/dokkee-backend/internal/service/document.go:173.51,175.70 2 0
github.com/airvt1x/dokkee-backend/internal/service/document.go:175.70,177.19 2 0
github.com/airvt1x/dokkee-backend/internal/service/document.go:177.19,180.6 2 0
github.com/airvt1x/dokkee-backend/internal/service/document.go:183.3,183.16 1 0
github.com/airvt1x/dokkee-backend/internal/service/document.go:186.2,186.20 1 0
github.com/airvt1x/dokkee-backend/internal/service/document.go:189.43,192.46 3 0
github.com/airvt1x/dokkee-backend/internal/service/document.go:192.46,194.3 1 0
github.com/airvt1x/dokkee-backend/internal/service/document.go:195.2,195.28 1 0
github.com/airvt1x/dokkee-backend/internal/service/ner.go:14.34,29.2 1 1
github.com/airvt1x/dokkee-backend/internal/service/ner.go:31.52,33.31 2 1
github.com/airvt1x/dokkee-backend/internal/service/ner.go:33.31,35.3 1 1
github.com/airvt1x/dokkee-backend/internal/service/ner.go:36.2,36.15 1 1
github.com/airvt1x/dokkee-backend/internal/service/result.go:12.62,14.2 1 1
github.com/airvt1x/dokkee-backend/internal/service/result.go:16.83,18.2 1 1
github.com/airvt1x/dokkee-backend/internal/service/service.go:39.56,51.2 4 1
github.com/airvt1x/dokkee-backend/internal/repository/audit_postgres.go:14.51,16.2 1 1
github.com/airvt1x/dokkee-backend/internal/repository/audit_postgres.go:18.65,27.2 3 1
github.com/airvt1x/dokkee-backend/internal/repository/auth_postgres.go:14.49,16.2 1 1
github.com/airvt1x/dokkee-backend/internal/repository/auth_postgres.go:18.66,20.16 2 1
github.com/airvt1x/dokkee-backend/internal/repository/auth_postgres.go:20.16,22.3 1 0
github.com/airvt1x/dokkee-backend/internal/repository/auth_postgres.go:23.2,30.16 4 1
github.com/airvt1x/dokkee-backend/internal/repository/auth_postgres.go:30.16,32.3 1 1
github.com/airvt1x/dokkee-backend/internal/repository/auth_postgres.go:34.2,38.16 2 1
github.com/airvt1x/dokkee-backend/internal/repository/auth_postgres.go:38.16,40.3 1 0
github.com/airvt1x/dokkee-backend/internal/repository/auth_postgres.go:42.2,46.16 2 1
github.com/airvt1x/dokkee-backend/internal/repository/auth_postgres.go:46.16,48.3 1 0
github.com/airvt1x/dokkee-backend/internal/repository/auth_postgres.go:50.2,50.28 1 1
github.com/airvt1x/dokkee-backend/internal/repository/auth_postgres.go:53.70,58.2 4 1
github.com/airvt1x/dokkee-backend/internal/repository/auth_postgres.go:60.68,74.2 4 1
github.com/airvt1x/dokkee-backend/internal/repository/auth_postgres.go:76.89,81.28 4 1
github.com/airvt1x/dokkee-backend/internal/repository/auth_postgres.go:81.28,85.3 3 1
github.com/airvt1x/dokkee-backend/internal/repository/auth_postgres.go:86.2,86.27 1 1
github.com/airvt1x/dokkee-backend/internal/repository/auth_postgres.go:86.27,90.3 3 1
github.com/airvt1x/dokkee-backend/internal/repository/auth_postgres.go:91.2,91.29 1 1
github.com/airvt1x/dokkee-backend/internal/repository/auth_postgres.go:91.29,95.3 3 1
github.com/airvt1x/dokkee-backend/internal/repository/auth_postgres.go:96.2,96.24 1 1
github.com/airvt1x/dokkee-backend/internal/repository/auth_postgres.go:96.24,100.3 3 1
github.com/airvt1x/dokkee-backend/internal/repository/auth_postgres.go:102.2,102.21 1 1
github.com/airvt1x/dokkee-backend/internal/repository/auth_postgres.go:102.21,104.3 1 1
github.com/airvt1x/dokkee-backend/internal/repository/auth_postgres.go:106.2,111.12 5 1
github.com/airvt1x/dokkee-backend/internal/repository/document_postgres.go:14.57,16.2 1 1
github.com/airvt1x/dokkee-backend/internal/repository/document_postgres.go:18.69,27.2 4 1
github.com/airvt1x/dokkee-backend/internal/repository/document_postgres.go:29.80,34.2 4 1
github.com/airvt1x/dokkee-backend/internal/repository/document_postgres.go:36.87,41.18 4 1
github.com/airvt1x/dokkee-backend/internal/repository/document_postgres.go:41.18,44.3 2 1
github.com/airvt1x/dokkee-backend/internal/repository/document_postgres.go:44.8,47.3 2 1
github.com/airvt1x/dokkee-backend/internal/repository/document_postgres.go:49.2,50.18 2 1
github.com/airvt1x/dokkee-backend/internal/repository/document_postgres.go:53.83,58.2 3 1
github.com/airvt1x/dokkee-backend/internal/repository/document_postgres.go:60.70,65.2 4 1
github.com/airvt1x/dokkee-backend/internal/repository/document_postgres.go:67.63,71.2 3 1
github.com/airvt1x/dokkee-backend/internal/repository/postgres.go:27.50,32.16 2 1
github.com/airvt1x/dokkee-backend/internal/repository/postgres.go:32.16,34.3 1 0
github.com/airvt1x/dokkee-backend/internal/repository/postgres.go:36.2,36.33 1 1
github.com/airvt1x/dokkee-backend/internal/repository/postgres.go:36.33,38.3 1 1
github.com/airvt1x/dokkee-backend/internal/repository/postgres.go:40.2,40.16 1 0
github.com/airvt1x/dokkee-backend/internal/repository/repository.go:48.63,56.2 1 1
github.com/airvt1x/dokkee-backend/internal/repository/result_postgres.go:14.53,16.2 1 1
github.com/airvt1x/dokkee-backend/internal/repository/result_postgres.go:18.67,24.2 3 1
github.com/airvt1x/dokkee-backend/internal/repository/result_postgres.go:26.84,31.2 4 1
github.com/airvt1x/dokkee-backend/internal/repository/s3.go:26.59,31.16 2 1
github.com/airvt1x/dokkee-backend/internal/repository/s3.go:31.16,33.3 1 0
github.com/airvt1x/dokkee-backend/internal/repository/s3.go:35.2,37.16 3 1
github.com/airvt1x/dokkee-backend/internal/repository/s3.go:37.16,39.3 1 1
github.com/airvt1x/dokkee-backend/internal/repository/s3.go:40.2,40.13 1 0
github.com/airvt1x/dokkee-backend/internal/repository/s3.go:40.13,41.90 1 0
github.com/airvt1x/dokkee-backend/internal/repository/s3.go:41.90,43.4 1 0
github.com/airvt1x/dokkee-backend/internal/repository/s3.go:46.2,46.71 1 0
github.com/airvt1x/dokkee-backend/internal/repository/s3.go:49.90,51.16 2 0
github.com/airvt1x/dokkee-backend/internal/repository/s3.go:51.16,53.3 1 0
github.com/airvt1x/dokkee-backend/internal/repository/s3.go:55.2,63.12 2 0
github.com/airvt1x/dokkee-backend/internal/repository/s3.go:66.61,68.16 2 0
github.com/airvt1x/dokkee-backend/internal/repository/s3.go:68.16,70.3 1 0
github.com/airvt1x/dokkee-backend/internal/repository/s3.go:71.2,72.24 2 0
